// Jest Snapshot v1, https://goo.gl/fbAQLP

exports[`<Button /> renders correctly 1`] = `
<button
  className="btn"
  onClick={[MockFunction]}
  type="button"
>
  LOAD MORE
</button>
`;
